../Core/Src/main.c:69:9:AesHandle_encrypt	328	static
../Core/Src/main.c:85:9:AesHandle_decrypt	328	static
../Core/Src/main.c:119:5:main	24	static
../Core/Src/main.c:198:6:SystemClock_Config	88	static
../Core/Src/main.c:240:13:MX_USART2_UART_Init	8	static
../Core/Src/main.c:273:13:MX_GPIO_Init	40	static
../Core/Src/main.c:298:6:HAL_UART_RxCpltCallback	16	static
../Core/Src/main.c:317:6:UART_printf	272	static
../Core/Src/main.c:326:6:print_hex	32	static
../Core/Src/main.c:340:6:Error_Handler	4	static,ignoring_inline_asm
